// Vitest Snapshot v1, https://vitest.dev/guide/snapshot.html

exports[`Home tests > should render home 1`] = `
<DocumentFragment>
  <div>
    <input
      class="_search_4d1a47"
      data-testid="search"
      placeholder="Enter query"
      type="text"
      value="pasta"
    />
    <ul
      class="_card-container_13d6a5"
    >
      <div
        class="_card_c37972"
        data-testid="card"
        role="button"
        tabindex="0"
      >
        <img
          alt="preview"
          class="_image_c37972"
          loading="lazy"
          src="none"
        />
        <p>
          test
        </p>
      </div>
    </ul>
  </div>
</DocumentFragment>
`;
